=== Ticket 02 Gate clean-source run A ===
$ vitest run --config vitest.browser.stable.config.ts "src/components/whiteboard/ticket02/SynaraHistoryGate.acceptance.browser.tsx"

 RUN  v4.1.10 /private/var/folders/_v/54jgtd2x4nq1h94b1c5qnv400000gn/T/pi-agent-da338a87-4aa1-448-d778c72b/apps/web

10:21:03 PM [vite] (client) [console.error] Failed to load font "16px Virgil, Segoe UI Emoji" from urls "https://esm.sh/@excalidraw/excalidraw@0.18.1/dist/prod/fonts/Virgil/Virgil-Regular.woff2" NetworkError: A network error occurred.
10:21:03 PM [vite] (client) [console.error] Failed to load font "16px Virgil, Segoe UI Emoji" from urls "https://esm.sh/@excalidraw/excalidraw@0.18.1/dist/prod/fonts/Virgil/Virgil-Regular.woff2" NetworkError: A network error occurred.
stderr | src/components/whiteboard/ticket02/SynaraHistoryGate.acceptance.browser.tsx > Ticket 02 real Chromium public-only history gate > proves one completed three-progress batch and one Synara route
Failed to load font "16px Virgil, Segoe UI Emoji" from urls "https://esm.sh/@excalidraw/excalidraw@0.18.1/dist/prod/fonts/Virgil/Virgil-Regular.woff2" [NetworkError: A network error occurred.]
 ❯ |chromium| src/components/whiteboard/ticket02/SynaraHistoryGate.acceptance.browser.tsx (2 tests | 1 failed) 1819ms
     × proves one completed three-progress batch and one Synara route 1737ms

⎯⎯⎯⎯⎯⎯⎯ Failed Tests 1 ⎯⎯⎯⎯⎯⎯⎯

 FAIL  |chromium| src/components/whiteboard/ticket02/SynaraHistoryGate.acceptance.browser.tsx > Ticket 02 real Chromium public-only history gate > proves one completed three-progress batch and one Synara route
AssertionError: native history control Undo must stay disabled: expected false to be true // Object.is equality

Failure screenshot:
  - src/components/whiteboard/ticket02/__screenshots__/SynaraHistoryGate.acceptance.browser.tsx/Ticket-02-real-Chromium-public-only-history-gate-proves-one-completed-three-progress-batch-and-one-Synara-route-1.png

[32m- Expected[39m
[31m+ Received[39m

[32m- true[39m
[31m+ false[39m

 ❯ assertNativeControlsDisabledAndInert src/components/whiteboard/ticket02/SynaraHistoryGate.acceptance.browser.tsx:66:6
     64|       control.disabled || control.getAttribute("aria-disabled") === "t…
     65|       `native history control ${control.getAttribute("aria-label") ?? …
     66|     ).toBe(true);
       |      ^
     67|   }
     68| }
 ❯ src/components/whiteboard/ticket02/SynaraHistoryGate.acceptance.browser.tsx:142:4

⎯⎯⎯⎯⎯⎯⎯⎯⎯⎯⎯⎯⎯⎯⎯⎯⎯⎯⎯⎯⎯⎯⎯⎯[1/1]⎯


 Test Files  1 failed (1)
      Tests  1 failed | 1 passed (2)
   Start at  22:21:00
   Duration  3.21s (transform 0ms, setup 0ms, import 526ms, tests 1.82s, environment 0ms)

error: script "test:browser:stable" exited with code 1
=== Ticket 02 Gate clean-source run B ===
$ vitest run --config vitest.browser.stable.config.ts "src/components/whiteboard/ticket02/SynaraHistoryGate.acceptance.browser.tsx"

 RUN  v4.1.10 /private/var/folders/_v/54jgtd2x4nq1h94b1c5qnv400000gn/T/pi-agent-da338a87-4aa1-448-d778c72b/apps/web

 ❯ |chromium| src/components/whiteboard/ticket02/SynaraHistoryGate.acceptance.browser.tsx (2 tests | 1 failed) 1673ms
     × proves one completed three-progress batch and one Synara route 1588ms

⎯⎯⎯⎯⎯⎯⎯ Failed Tests 1 ⎯⎯⎯⎯⎯⎯⎯

 FAIL  |chromium| src/components/whiteboard/ticket02/SynaraHistoryGate.acceptance.browser.tsx > Ticket 02 real Chromium public-only history gate > proves one completed three-progress batch and one Synara route
AssertionError: native history control Undo must stay disabled: expected false to be true // Object.is equality

Failure screenshot:
  - src/components/whiteboard/ticket02/__screenshots__/SynaraHistoryGate.acceptance.browser.tsx/Ticket-02-real-Chromium-public-only-history-gate-proves-one-completed-three-progress-batch-and-one-Synara-route-1.png

[32m- Expected[39m
[31m+ Received[39m

[32m- true[39m
[31m+ false[39m

 ❯ assertNativeControlsDisabledAndInert src/components/whiteboard/ticket02/SynaraHistoryGate.acceptance.browser.tsx:66:6
     64|       control.disabled || control.getAttribute("aria-disabled") === "t…
     65|       `native history control ${control.getAttribute("aria-label") ?? …
     66|     ).toBe(true);
       |      ^
     67|   }
     68| }
 ❯ src/components/whiteboard/ticket02/SynaraHistoryGate.acceptance.browser.tsx:142:4

⎯⎯⎯⎯⎯⎯⎯⎯⎯⎯⎯⎯⎯⎯⎯⎯⎯⎯⎯⎯⎯⎯⎯⎯[1/1]⎯


 Test Files  1 failed (1)
      Tests  1 failed | 1 passed (2)
   Start at  22:21:10
   Duration  3.11s (transform 0ms, setup 0ms, import 521ms, tests 1.67s, environment 0ms)

error: script "test:browser:stable" exited with code 1


===== Decision 0052 bounded timing probe — clean source 49c679888, port 51223 =====

$ vitest run --config vitest.browser.stable.config.ts "src/components/whiteboard/ticket02/SynaraHistoryGate.acceptance.browser.tsx" -t "runs the one bounded public post-commit Delete timing probe" "--reporter=verbose"

 RUN  v4.1.10 /private/tmp/synara-whiteboard-ticket02-timing-final.q8WMp7/apps/web

11:09:04 PM [vite] (client) [optimizer] bundling dependencies...
 × |chromium| src/components/whiteboard/ticket02/SynaraHistoryGate.acceptance.browser.tsx > Ticket 02 real Chromium public-only history gate > runs the one bounded public post-commit Delete timing probe 2163ms
   → before:Undo:true:null
before:Redo:true:null
mutation:Undo:false:null
mutation:Redo:true:null: expected [ 'mutation:Undo:false:null' ] to deeply equal []
 ↓ |chromium| src/components/whiteboard/ticket02/SynaraHistoryGate.acceptance.browser.tsx > Ticket 02 real Chromium public-only history gate > proves one completed three-progress batch and one Synara route
 ↓ |chromium| src/components/whiteboard/ticket02/SynaraHistoryGate.acceptance.browser.tsx > Ticket 02 real Chromium public-only history gate > consumes platform Redo from canvas and text-edit focus without package competition

⎯⎯⎯⎯⎯⎯⎯ Failed Tests 1 ⎯⎯⎯⎯⎯⎯⎯

 FAIL  |chromium| src/components/whiteboard/ticket02/SynaraHistoryGate.acceptance.browser.tsx > Ticket 02 real Chromium public-only history gate > runs the one bounded public post-commit Delete timing probe
AssertionError: before:Undo:true:null
before:Redo:true:null
mutation:Undo:false:null
mutation:Redo:true:null: expected [ 'mutation:Undo:false:null' ] to deeply equal []

Failure screenshot:
  - src/components/whiteboard/ticket02/__screenshots__/SynaraHistoryGate.acceptance.browser.tsx/Ticket-02-real-Chromium-public-only-history-gate-runs-the-one-bounded-public-post-commit-Delete-timing-probe-1.png

[32m- Expected[39m
[31m+ Received[39m

[32m- [][39m
[31m+ [[39m
[31m+   "mutation:Undo:false:null",[39m
[31m+ ][39m

 ❯ src/components/whiteboard/ticket02/SynaraHistoryGate.acceptance.browser.tsx:140:6
    138|       observation.trace.filter((entry) => entry.endsWith(":false:null"…
    139|       observation.trace.join("\n"),
    140|     ).toEqual([]);
       |      ^
    141|     expect(handle.getHistory().events).toHaveLength(2);
    142|     expect(handle.getAdapter().captureScene().elements.length).toBeLes…

⎯⎯⎯⎯⎯⎯⎯⎯⎯⎯⎯⎯⎯⎯⎯⎯⎯⎯⎯⎯⎯⎯⎯⎯[1/1]⎯


 Test Files  1 failed (1)
      Tests  1 failed | 2 skipped (3)
   Start at  23:09:02
   Duration  4.56s (transform 0ms, setup 0ms, import 487ms, tests 2.17s, environment 0ms)

error: script "test:browser:stable" exited with code 1
